// Jest Snapshot v1, https://goo.gl/fbAQLP

exports[`Spinner Component Should match snapshot 1`] = `
"<div className=\\"lds-facebook\\" data-test=\\"spinnerComponent\\">
  <div />
  <div />
  <div />
</div>"
`;
