// Jest Snapshot v1, https://goo.gl/fbAQLP

exports[`HomePage Component Should match snapshot 1`] = `
"<Bootstrap(Jumbotron)>
  <h1>
    Hello there! Home Page
  </h1>
  <p>
    This is a simple react application to test myself, practice skills and obtain some new knowledge
  </p>
  <p>
    <Button variant=\\"primary\\" active={false} disabled={false} type=\\"button\\">
      Learn more
    </Button>
  </p>
</Bootstrap(Jumbotron)>"
`;
