// Jest Snapshot v1, https://goo.gl/fbAQLP

exports[`should render App component and match to snapshot 1`] = `
"<ContextProvider value={{...}}>
  <App />
</ContextProvider>"
`;
